[2026-05-26 18:02:27] Command: exit | Success: False
[2026-05-26 18:05:24] Command: exit | Success: False
[2026-05-26 18:14:46] Command: ex | Success: True
[2026-05-26 18:14:52] Command: exit | Success: False
[2026-05-27 15:01:08] Command: exit | Success: False
[2026-05-27 15:10:10] Command: hello bro | Success: True
[2026-05-27 15:10:38] Command: tamil dubbed | Success: True
[2026-05-27 15:10:47] Command: cake banana | Success: True
[2026-05-27 15:11:15] Command: tharali | Success: True
[2026-05-27 15:11:24] Command: chuchi di | Success: True
[2026-05-27 15:12:16] Command: melody | Success: True
[2026-05-27 15:12:25] Command: melody | Success: True
[2026-05-27 15:12:29] Command: open notebook | Success: True
[2026-05-27 15:12:34] Command: open notepad | Success: True
[2026-05-27 15:12:42] Command: close notepad | Success: True
[2026-05-27 15:12:48] Command: close | Success: True
[2026-05-27 15:12:53] Command: kill notepad | Success: True
[2026-05-27 15:12:58] Command: close notepad | Success: True
[2026-05-27 15:13:10] Command: ok | Success: True
[2026-05-27 15:13:18] Command: search edition | Success: True
[2026-05-27 15:13:23] Command: so | Success: True
[2026-05-27 15:13:29] Command: search ad | Success: True
[2026-05-27 15:13:41] Command: search adc | Success: True
[2026-05-27 15:14:07] Command: mute volume | Success: True
[2026-05-27 15:14:12] Command: unmute volume | Success: True
[2026-05-27 15:14:36] Command: lock screen | Success: True
[2026-05-27 15:14:45] Command: kerala lottery bro | Success: True
[2026-05-27 15:14:53] Command: your covered by lock screen | Success: True
[2026-05-27 15:14:58] Command: yo yo | Success: True
[2026-05-27 15:15:02] Command: call hari | Success: True
[2026-05-27 15:15:14] Command: application close | Success: True
[2026-05-27 15:15:23] Command: exit | Success: False
[2026-05-27 15:15:34] Command: access 125 | Success: True
[2026-05-27 15:15:37] Command: exit | Success: False
[2026-05-27 15:16:11] Command: exit | Success: False
[2026-05-27 15:24:16] Command: yeah open chrome | Success: True
[2026-05-27 15:24:29] Command: open notebook | Success: True
[2026-05-27 15:24:34] Command: open notepad | Success: True
[2026-05-27 15:24:40] Command: can you close notepad | Success: True
[2026-05-27 15:25:05] Command: close applications | Success: True
[2026-05-27 15:25:12] Command: open whatsapp | Success: True
[2026-05-27 15:25:16] Command: open notepad | Success: True
[2026-05-27 15:25:20] Command: close application | Success: True
[2026-05-27 15:25:25] Command: open | Success: True
[2026-05-27 15:25:31] Command: open file explorer | Success: True
[2026-05-27 15:25:47] Command: ok search adc | Success: True
[2026-05-27 15:25:52] Command: search adc | Success: True
[2026-05-27 15:26:06] Command: search | Success: True
[2026-05-27 15:26:12] Command: chachi beti | Success: True
[2026-05-27 15:26:15] Command: chachi beti | Success: True
[2026-05-27 15:26:23] Command: close application | Success: True
[2026-05-27 15:26:53] Command: search diesel engines produce more thank you | Success: True
[2026-05-27 15:26:58] Command: thank you | Success: True
[2026-05-27 15:27:05] Command: similar | Success: True
[2026-05-27 15:27:31] Command: open command prompt | Success: True
[2026-05-27 15:27:41] Command: open command prompt | Success: True
[2026-05-27 15:28:02] Command: exit | Success: False
[2026-05-27 15:30:29] Command: ok open | Success: True
[2026-05-27 15:30:35] Command: ok open whatsapp | Success: True
[2026-05-27 15:30:41] Command: open notepad | Success: True
[2026-05-27 15:30:44] Command: close | Success: True
[2026-05-27 15:30:48] Command: close application | Success: True
[2026-05-27 15:30:52] Command: sleep | Success: False
[2026-05-27 18:11:38] Command: open notepad | Success: True
[2026-05-27 18:11:43] Command: close application | Success: True
[2026-05-27 18:11:49] Command: search jarvis | Success: True
[2026-05-27 18:11:58] Command: search adc | Success: True
[2026-05-27 18:12:14] Command: today time | Success: True
[2026-05-27 18:12:19] Command: $6 | Success: True
[2026-05-27 18:12:25] Command: open | Success: True
[2026-05-27 18:12:32] Command: what did | Success: True
[2026-05-27 18:12:36] Command: open file explorer | Success: True
[2026-05-27 18:12:44] Command: we don't comment | Success: True
